
gofer v0.3.0
gpt-5 · ~/orchestration

















────────────────────────────────────────────────────────────────────────────────
> ▏
────────────────────────────────────────────────────────────────────────────────
Live model swap needs the same provider — default set for new sessions; this se…