
gofer v0.3.0
claude-sonnet-5 · ~/orchestration














────────────────────────────────────────────────────────────────────────────────
▸ /compact  Summarize this session's history and replace it with the summary
  /config   View and edit settings
  /context  Show how full this session's context window is
────────────────────────────────────────────────────────────────────────────────
> /c▏
────────────────────────────────────────────────────────────────────────────────