
gofer v0.3.0
claude-sonnet-5 · ~/orchestration





────────────────────────────────────────────────────────────────────────────────
bash command

  rm -rf /tmp/x

Why you're being asked

  No permission rule matched this `bash` call, so gofer is asking before it
  runs. It also cannot be sandboxed on this host, so an allow rule alone will
  not let it run unattended.
  … ctrl+e to explain

Do you want to proceed?
  1. [a] Yes   2. [d] No   ·   [r] remember: off

tab amend · esc cancel · ctrl+e explain · session 0192a1b2-app0-7000-8000-00000…