
<accent>gofer</accent> <muted>v0.3.0</muted>
<muted>claude-sonnet-5 · ~/orchestration</muted>
















────────────────────────────────────────────────────────────────────────────────
<accent>▸ /config  View and edit settings</accent>
────────────────────────────────────────────────────────────────────────────────
> /c▏
────────────────────────────────────────────────────────────────────────────────