


















────────────────────────────────────────────────────────────────────────────────
<accent>▸ /config  View and edit settings</accent>
────────────────────────────────────────────────────────────────────────────────
> /c▏
────────────────────────────────────────────────────────────────────────────────