
<accent>gofer</accent> <muted>v0.3.0</muted>
<muted>claude-haiku-4-5 · ~/orchestration</muted>
<muted>1 awaiting input · 1 working · 0 completed</muted>

<muted>~/orchestration</muted>
<accent>▸ wire the app root             </accent><yellow>Working</yellow><muted> · overview <-> peek <-> attach nav</muted>    2m
  review the supervisor contr…  <yellow>Needs input</yellow><muted> · turn finished — awaiting the…</muted>   5m












────────────────────────────────────────────────────────────────────────────────
❯ <muted>describe a task for a new session · ! for shell mode</muted>
<muted>enter open · space peek · tab toggle view · ctrl-x×2 kill · ? shortcuts</muted>
<green>Default model set to Haiku 4.5.</green>