
gofer v0.3.0
claude-sonnet-5 · ~/orchestration
1 awaiting input · 1 working · 0 completed

~/orchestration
▸ wire the app root             Working · overview <-> peek <-> attach nav    2m
  review the supervisor contr…  Needs input · turn finished — awaiting the…   5m









────────────────────────────────────────────────────────────────────────────────
Status  Config  Model  Thinking  Usage  [Stats]
────────────────────────────────────────────────────────────────────────────────
Sessions: 2
Total tokens: 34842
Total cost: $0.1570
←/→ to switch tabs · esc to close