
gofer v0.3.0
fable-5 · ~/orchestration
1 awaiting input · 1 working · 0 completed

~/orchestration
▸ wire the app root             Working · overview <-> peek <-> attach nav    2m
  review the supervisor contr…  Needs input · turn finished — awaiting the…   5m



────────────────────────────────────────────────────────────────────────────────
❯ describe a task for a new session
enter peek · → attach · tab toggle view · ctrl-x kill · ? shortcuts
────────────────────────────────────────────────────────────────────────────────
[Status]  Config  Model
────────────────────────────────────────────────────────────────────────────────
Version: 0.3.0
Session: —
Session ID: —
Cwd: ~/orchestration
Providers: not signed in
Model: fable-5
←/→ to switch tabs · esc to close