
gofer v0.3.0
claude-sonnet-5 · ~/orchestration
















────────────────────────────────────────────────────────────────────────────────
▸ /config  View and edit settings
────────────────────────────────────────────────────────────────────────────────
> /c▏
────────────────────────────────────────────────────────────────────────────────