
gofer v0.3.0
claude-sonnet-5 · ~/orchestration
1 awaiting input · 1 working · 0 completed



────────────────────────────────────────────────────────────────────────────────
Status [Config] Model Thinking Usage Stats Context MCP Skills Resume Help
────────────────────────────────────────────────────────────────────────────────
Search settings…
  Default model … 
  Reasoning effort … off
  Permission mode … ask
  Roster view … flat
  Auto-scroll transcript … true
  Mouse capture (scroll + selection) … true
  Shell reply mode … reply
  Automatic compaction … true
  LSP diagnostics … true
  Tool schema mode … preload
  Web search provider … none
  Telemetry enabled … false
Type to filter · Enter/↓ to select · ↑ to tabs · Esc to clear