
<accent>gofer</accent> <muted>v0.3.0</muted>
<muted>claude-sonnet-5 · ~/orchestration</muted>
<muted>1 awaiting input · 1 working · 0 completed</muted>

<muted>~/orchestration</muted>
<highlight>▸ wire the app root             </highlight><yellow>Working</yellow><highlight></highlight><muted> · overview <-> peek <-> attach nav</muted><highlight>    2m</highlight>
  review the supervisor contr…  <yellow>Needs input</yellow><muted> · turn finished — awaiting the…</muted>   5m









────────────────────────────────────────────────────────────────────────────────
<accent>▸ /compact  Summarize this session's history and replace it with the summary</accent>
  /config   View and edit settings
  /context  Show how full this session's context window is
────────────────────────────────────────────────────────────────────────────────
❯ /c▏
<muted>enter open · space peek · tab toggle view · ctrl-x×2 kill · ? shortcuts</muted>