
gofer v0.3.0
claude-sonnet-5 · ~/orchestration
1 awaiting input · 1 working · 0 completed

↓ 2 more



────────────────────────────────────────────────────────────────────────────────
Status  [Config]  Model  Thinking  Usage  Stats  Context  Resume  Help
────────────────────────────────────────────────────────────────────────────────
Search settings…
  Default model … 
  Reasoning effort … off
  Permission mode … ask
  Roster view … flat
  Auto-scroll transcript … true
  Mouse capture (scroll + selection) … true
  Shell reply mode … reply
  Automatic compaction … true
  LSP diagnostics … true
  Telemetry enabled … false
Type to filter · Enter/↓ to select · ↑ to tabs · Esc to clear