
gofer v0.3.0
claude-sonnet-5 · ~/orchestration


○ Wire the app root.

● Wired the app root; nav contract is in.












────────────────────────────────────────────────────────────────────────────────
> ship it▏
────────────────────────────────────────────────────────────────────────────────
usage=20in/11out