
gofer v0.3.0
claude-sonnet-5 · ~/orchestration
1 awaiting input · 1 working · 0 completed

~/orchestration
▸ wire the app root             Working · overview <-> peek <-> attach nav    2m
  review the supervisor contr…  Needs input · turn finished — awaiting the…   5m





────────────────────────────────────────────────────────────────────────────────
Status  [Config]  Model
────────────────────────────────────────────────────────────────────────────────
Search settings…
  Default model … 
  Permission mode … ask
  Roster view … flat
  Auto-scroll transcript … true
  Telemetry enabled … false
  Telemetry endpoint … 
Type to filter · Enter/↓ to select · ↑ to tabs · Esc to clear