                                                                                
✋ bash                                                                          
○ idle                                                                          
> ▏                                                                             
                                                                                
                                                                                
                                                                                
              ┌──────────────────────────────────────────────────┐              
              │ Permission requested                             │              
              │                                                  │              
              │ tool     bash                                    │              
              │ args     cmd=rm -rf /tmp/x                       │              
              │ session  0192a1b2-app0-7000-8000-000000000001    │              
              │                                                  │              
              │ [a] allow   [d] deny   [r] remember: off         │              
              └──────────────────────────────────────────────────┘              
                                                                                
                                                                                
                                                                                
                                                                                
                                                                                
                                                                                
                                                                                
                                                                                