
<accent>gofer</accent> <muted>v0.3.0</muted>
<muted>claude-haiku-4-5 · ~/orchestration</muted>

















────────────────────────────────────────────────────────────────────────────────
> ▏
────────────────────────────────────────────────────────────────────────────────
<red>gofer/set_model: session busy</red>