
<accent>gofer</accent> <muted>v0.3.0</muted>
<muted>gpt-5 · ~/orchestration</muted>

















────────────────────────────────────────────────────────────────────────────────
> ▏
────────────────────────────────────────────────────────────────────────────────
<yellow>Live model swap needs the same provider — default set for new sessions; this se…</yellow>