

────────────────────────────────────────────────────────────────────────────────
bash command

  rm -rf /tmp/x

Why you're being asked · the agent's answer

  The workspace sandbox profile denies deletes outside the session cwd, so this
  call cannot run unattended.

  Policy: workspace-write · path: /tmp/x · containable: false · source: project

  Press `r` before allowing to remember this exact call for the rest of the
  session. Add a rule to the `permissions` array in `config.json` — e.g.
  `{"verdict": "allow", "tool": "bash", "specifier": "rm *"}` — to stop being
  asked.

Do you want to proceed?
▸ [a] Yes
  [d] No

enter/↑↓ select · [r] remember: off · [tab] amend · ctrl+e explain · esc cancel