● bash(go test -race ./...) · from the researcher agent




────────────────────────────────────────────────────────────────────────────────
bash command · from the `researcher` agent
  Run the test suite with race detection

  go test -race ./...
  timeout=120

Why you're being asked

  No permission rule matched this `bash` call, so gofer is asking before it
  runs. It also cannot be sandboxed on this host, so an allow rule alone will
  not let it run unattended.
  … ctrl+e to explain

Do you want to proceed?
▸ [a] Yes
  [d] No

enter/↑↓ select · [r] remember: off · [tab] amend · ctrl+e explain · esc cancel