
────────────────────────────────────────────────────────────────────────────────
bash command

  rm -rf /tmp/x

Why you're being asked

  No permission rule matched this `bash` call, so gofer is asking before it
  runs. It also cannot be sandboxed on this host, so an allow rule alone will
  not let it run unattended.

  Policy: unmatched · containable: false (no container configured)

  Press `r` before allowing to remember this exact call for the rest of the
  session. Add a rule to the `permissions` array in `config.json` — e.g.
  `{"verdict": "allow", "tool": "bash", "specifier": "rm *"}` — to stop being
  asked.

Do you want to proceed?
▸ [a] Yes
  [d] No

enter/↑↓ select · [r] remember: off · [tab] amend · ctrl+e explain · esc cancel