Search settings…
  Default model … 
  Reasoning effort … off
  Permission mode … ask
  Roster view … flat
  Auto-scroll transcript … true
  Mouse capture (scroll + selection) … true
  Shell reply mode … reply
  Automatic compaction … true
  LSP diagnostics … true
  Tool schema mode … preload
  Web search provider … none
▸ Telemetry enabled … true
  Telemetry endpoint … 