











────────────────────────────────────────────────────────────────────────────────
decision   2 questions
←     □ M4 slicing     ✔ Views v1 scope   ▸ □ Submit   →

Review and submit 2 answers.

  □ M4 slicing      not answered — cancelled on submit · notes
  ✔ Views v1 scope  Roster, attach, and peek

▸ ✔ Submit 1 of 2

Enter to submit · Tab to switch questions · Esc to cancel