  /usage                           Show this session's token and cost consumpti…
  /yolo [on|off]                   Toggle guardrails for new sessions
Global
  ctrl+c  Quit gofer
  ctrl+y  Toggle guardrails for new sessions (same as /yolo)
Roster
  ↑/↓        Move the roster selection
  enter      Open the selected session, or run what's typed
  space      Peek the selected session (empty dispatch bar)
  tab        Switch flat / grouped roster view
↑ 10 more · ↓ 59 more