gofer v0.3.0
claude-sonnet-5 · ~/orchestration
1 awaiting input · 1 working · 1 idle · 1 completed

~/orchestration
▸ wire the websocket ACP list…  Working · turn in flight                     now
  keycloak path-b groundwork    Needs input · turn finished — awaiting the…   2m
  explore three agent ecosyst…  Idle · reloaded from disk — not prompted s…   5m
  authentik token exchange rf…  Finished · Keycloak Path-B foundation comp…   1h












────────────────────────────────────────────────────────────────────────────────
❯ describe a task for a new session · ! for shell mode
enter open · space peek · tab toggle view · ctrl-x delete · ? shortcuts