<accent>gofer</accent> <muted>v0.3.0</muted>
<muted>claude-sonnet-5 · ~/orchestration</muted>
<muted>2 awaiting input · 1 working · 2 completed</muted>

<muted>~/orchestration</muted>
<accent>▸ wire the websocket ACP list…  </accent><yellow>Needs input</yellow><muted> · blocked: approve Bash(kubect…</muted>  now
  explore three agent ecosyst…  <yellow>Working</yellow><muted> · M2 launched; awaiting sketch rev…</muted>   2m
  keycloak path-b groundwork    <yellow>Needs input</yellow><muted> · turn finished — awaiting the…</muted>   5m
  authentik token exchange rf…  <green>Finished</green><muted> · Keycloak Path-B foundation comp…</muted>   1h
  openclaw dev setup            <green>Finished</green><muted> · Heartbeat revamp spec'd and han…</muted>   1d











────────────────────────────────────────────────────────────────────────────────
❯ <muted>describe a task for a new session · ! for shell mode</muted>
<muted>enter open · space peek · tab toggle view · ctrl-x×2 kill · ? shortcuts</muted>