gofer v0.2.0
fable-5 · ~/orchestration
2 awaiting input · 1 working · 0 completed

~/orchestration
▸ ✋2wire the websocket ACP list…  Needs input · blocked: approve Bash(kub…  now
  ◐  explore three agent ecosyst…  Working · M2 launched; awaiting sketch …   2m

~/scrim
  ○  live-reload html canvas ser…  Needs input · phase 1 scoped; sketch re…   5m











────────────────────────────────────────────────────────────────────────────────
❯ describe a task for a new session
enter peek · → attach · tab toggle view · ctrl-x kill · ? shortcuts