<accent>gofer</accent> <muted>v0.3.0</muted>
<muted>claude-sonnet-5 · ~/orchestration</muted>
<muted>1 awaiting input · 3 working · 0 completed</muted>

<muted>~/orchestration</muted>
<accent>▸</accent><yellow>!</yellow>ship the subagent roster      <yellow>Working</yellow><muted> · two workers…</muted>     41m · ↓ 214.7k tokens
 <yellow>!</yellow>  tui-inline-perm-owner       <yellow>Working</yellow><muted> · editing ove…</muted>   5m 9s · ↓ 214.7k tokens
 <yellow>!</yellow>    go-reviewer               <yellow>Needs input</yellow><muted> · reviewi…</muted>       42s · ↓ 8.4k tokens
    go-developer                <yellow>Working</yellow><muted> · running the…</muted>  6m 47s · ↓ 128.0k tokens












────────────────────────────────────────────────────────────────────────────────
❯ <muted>describe a task for a new session</muted>
<muted>enter open · space peek · tab toggle view · ctrl-x kill · ctrl-t stop agents</muted>