<accent>gofer</accent> <muted>v0.3.0</muted>
<muted>fable-5 · ~/orchestration</muted>
<muted>2 awaiting input · 1 working · 2 completed</muted>

<muted>~/orchestration</muted>
<accent>▸ </accent><yellow>●</yellow>2 wire the websocket ACP list…  <muted>Needs input · blocked: approve Bash(kub…</muted>  now
  <yellow>●</yellow>  explore three agent ecosyst…  <muted>Working · M2 launched; awaiting sketch …</muted>   2m
  <yellow>●</yellow>  keycloak path-b groundwork    <muted>Needs input · turn finished — awaiting …</muted>   5m
  <green>●</green>  authentik token exchange rf…  <muted>Finished · Keycloak Path-B foundation c…</muted>   1h
  <green>●</green>  openclaw dev setup            <muted>Finished · Heartbeat revamp spec'd and …</muted>   1d











────────────────────────────────────────────────────────────────────────────────
❯ <muted>describe a task for a new session</muted>
<muted>enter peek · → attach · tab toggle view · ctrl-x kill · ? shortcuts</muted>