gofer v0.3.0
claude-sonnet-5 · ~/orchestration
0 awaiting input · 2 working · 0 completed

~/orchestration
▸ tui-inline-perm-owner         Working · editing ove…   5m 9s · ↓ 214.7k tokens
  go-developer                  Working · running the…  6m 47s · ↓ 128.0k tokens














────────────────────────────────────────────────────────────────────────────────
❯ describe a task for a new session
enter open · space peek · tab toggle view · ctrl-x kill · ctrl-t stop agents