gofer v0.3.0
fable-5 · ~/orchestration
0 awaiting input · 0 working · 0 completed

No sessions yet — type below to start one.
















────────────────────────────────────────────────────────────────────────────────
❯ describe a task for a new session
enter peek · → attach · tab toggle view · ctrl-x kill · ? shortcuts