gofer v0.3.0
claude-sonnet-5 · ~/orchestration
2 awaiting input · 1 working · 0 completed

~/orchestration
▸ wire the websocket ACP list…  Needs input · blocked: approve Bash(kubect…  now
  explore three agent ecosyst…  Working · M2 launched; awaiting sketch rev…   2m

~/scrim
  live-reload html canvas ser…  Needs input · phase 1 scoped; sketch revie…   5m











────────────────────────────────────────────────────────────────────────────────
❯ describe a task for a new session · ! for shell mode
enter open · space peek · tab toggle view · ctrl-x kill · ? shortcuts