gofer v0.3.0
claude-sonnet-5 · ~/orchestration
2 awaiting input · 1 working · 2 completed

Working
  explore three agent ecosyst…  M2 launched; awaiting sketch review + 4 de…   2m

Needs input
▸ wire the websocket ACP list…  blocked: approve Bash(kubectl delete pod)    now
  keycloak path-b groundwork    turn finished — awaiting the next prompt      5m

Finished
  authentik token exchange rf…  Keycloak Path-B foundation complete and ve…   1h
  openclaw dev setup            Heartbeat revamp spec'd and handed off        1d







────────────────────────────────────────────────────────────────────────────────
❯ describe a task for a new session · ! for shell mode
enter open · space peek · tab toggle view · ctrl-x×2 kill · ? shortcuts