gofer v0.3.0
claude-sonnet-5 · ~/orchestration
1 awaiting input · 3 working · 0 completed

~/orchestration
▸!ship the subagent roster      Working · two workers…     41m · ↓ 214.7k tokens
 !  tui-inline-perm-owner       Working · editing ove…   5m 9s · ↓ 214.7k tokens
 !    go-reviewer               Needs input · reviewi…       42s · ↓ 8.4k tokens
    go-developer                Working · running the…  6m 47s · ↓ 128.0k tokens












────────────────────────────────────────────────────────────────────────────────
❯ describe a task for a new session
enter peek · → attach · tab toggle view · ctrl-x kill · ? shortcuts