<accent>!</accent> ls docs
   └ doc1.md
     doc2.md

<green>●</green> Two markdown files.















────────────────────────────────────────────────────────────────────────────────
> ▏
────────────────────────────────────────────────────────────────────────────────
<muted>usage=12in/4out</muted>