<accent>!</accent> git status --short
   └  M internal/tui/app.go
     ?? internal/tui/shell.go

<yellow>!!</yellow> cat missing.txt
   └ cat: missing.txt: No such file or directory
<red>     exit 1</red>

<accent>!</accent> false
<red>   └ exit 1</red>











────────────────────────────────────────────────────────────────────────────────
> ▏
────────────────────────────────────────────────────────────────────────────────