$ git status --short
   └  M internal/tui/app.go
     ?? internal/tui/shell.go

$ cat missing.txt
   └ cat: missing.txt: No such file or directory
     exit 1
     · not sent to the agent













────────────────────────────────────────────────────────────────────────────────
> ▏
────────────────────────────────────────────────────────────────────────────────