! git status --short · you ran this
   └  M internal/tui/app.go
     ?? internal/tui/shell.go

!! cat missing.txt · you ran this
   └ cat: missing.txt: No such file or directory
     exit 1

! false · you ran this
   └ exit 1











────────────────────────────────────────────────────────────────────────────────
> ▏
────────────────────────────────────────────────────────────────────────────────