● ask_user(Choose a task)
   └ q1 "What would you like me to work on next?" → selected q1o1 "Inspect the
transcript renderer"

















────────────────────────────────────────────────────────────────────────────────
> ▏
────────────────────────────────────────────────────────────────────────────────
usage=5in/2out